AR register_file behavioural C:/Users/jgmann/CENG450/register_alu/register_file.vhd sub00/vhpl01 1486072087
EN alu_file NULL C:/Users/jgmann/CENG450/register_alu/alu_file.vhd sub00/vhpl02 1486087254
AR alu_file behavioral C:/Users/jgmann/CENG450/register_alu/alu_file.vhd sub00/vhpl03 1486087255
EN register_file NULL C:/Users/jgmann/CENG450/register_alu/register_file.vhd sub00/vhpl00 1486072086
