AR ftrse_mxilinx_count_mem behavioral C:/Users/jgmann/CENG450/count_mem_sch/count_mem.vhf sub00/vhpl06 1485478494
AR memory cfg C:/Users/jgmann/CENG450/count_mem_sch/Memory.vhd sub00/vhpl02 1485478490
EN count_mem NULL C:/Users/jgmann/CENG450/count_mem_sch/count_mem.vhf sub00/vhpl09 1485478497
EN obuf8_mxilinx_count_mem NULL C:/Users/jgmann/CENG450/count_mem_sch/count_mem.vhf sub00/vhpl03 1485478491
AR obuf8_mxilinx_count_mem behavioral C:/Users/jgmann/CENG450/count_mem_sch/count_mem.vhf sub00/vhpl04 1485478492
AR count_mem behavioral C:/Users/jgmann/CENG450/count_mem_sch/count_mem.vhf sub00/vhpl10 1485478498
EN memory NULL C:/Users/jgmann/CENG450/count_mem_sch/Memory.vhd sub00/vhpl01 1485478489
EN cb8re_mxilinx_count_mem NULL C:/Users/jgmann/CENG450/count_mem_sch/count_mem.vhf sub00/vhpl07 1485478495
EN ftrse_mxilinx_count_mem NULL C:/Users/jgmann/CENG450/count_mem_sch/count_mem.vhf sub00/vhpl05 1485478493
PH prog_mem NULL C:/Users/jgmann/CENG450/count_mem_sch/Memory.vhd sub00/vhpl00 1485478488
AR cb8re_mxilinx_count_mem behavioral C:/Users/jgmann/CENG450/count_mem_sch/count_mem.vhf sub00/vhpl08 1485478496
