EN count_mem NULL C:/Users/jgmann/CENG450/Count_Mem_VHDL/count_mem_vhdl.vhd sub00/vhpl04 1485476431
AR count_mem behavioral C:/Users/jgmann/CENG450/Count_Mem_VHDL/count_mem_vhdl.vhd sub00/vhpl05 1485476432
EN rom_vhdl NULL C:/Users/jgmann/CENG450/Count_Mem_VHDL/ROM_VHDL.vhd sub00/vhpl02 1485476429
AR rom_vhdl bhv C:/Users/jgmann/CENG450/Count_Mem_VHDL/ROM_VHDL.vhd sub00/vhpl03 1485476430
EN counter NULL C:/Users/jgmann/CENG450/Count_Mem_VHDL/counter_non_syn.vhd sub00/vhpl00 1485476427
AR counter behv C:/Users/jgmann/CENG450/Count_Mem_VHDL/counter_non_syn.vhd sub00/vhpl01 1485476428
