V3 12
FL C:/Users/jgmann/CENG450/Count_Mem_VHDL/counter.vhd 2017/01/26.15:19:51 O.87xd
FL C:/Users/jgmann/CENG450/Count_Mem_VHDL/counter_non_syn.vhd 2017/01/26.16:12:01 O.87xd
EN work/counter 1485476427 \
      FL C:/Users/jgmann/CENG450/Count_Mem_VHDL/counter_non_syn.vhd \
      PB ieee/std_logic_1164 1325952872 PB ieee/STD_LOGIC_UNSIGNED 1325952875
AR work/counter/behv 1485476428 \
      FL C:/Users/jgmann/CENG450/Count_Mem_VHDL/counter_non_syn.vhd \
      EN work/counter 1485476427
FL C:/Users/jgmann/CENG450/Count_Mem_VHDL/count_mem_vhdl.vhd 2017/01/26.15:19:54 O.87xd
EN work/count_mem 1485476431 \
      FL C:/Users/jgmann/CENG450/Count_Mem_VHDL/count_mem_vhdl.vhd \
      PB ieee/std_logic_1164 1325952872 PB ieee/std_logic_arith 1325952873 \
      PB ieee/STD_LOGIC_UNSIGNED 1325952875
AR work/count_mem/Behavioral 1485476432 \
      FL C:/Users/jgmann/CENG450/Count_Mem_VHDL/count_mem_vhdl.vhd \
      EN work/count_mem 1485476431 CP counter CP ROM_VHDL
FL C:/Users/jgmann/CENG450/Count_Mem_VHDL/ROM_VHDL.vhd 2017/01/26.15:19:36 O.87xd
EN work/ROM_VHDL 1485476429 \
      FL C:/Users/jgmann/CENG450/Count_Mem_VHDL/ROM_VHDL.vhd \
      PB ieee/std_logic_1164 1325952872 PB ieee/std_logic_arith 1325952873
AR work/ROM_VHDL/BHV 1485476430 \
      FL C:/Users/jgmann/CENG450/Count_Mem_VHDL/ROM_VHDL.vhd EN work/ROM_VHDL 1485476429
